<Config>
  <Organization>UrFU</Organization>
  <CourseNumber>IMCS.b.CS-0093</CourseNumber>
  <CourseRun>2015</CourseRun>
  <LtiId>edx</LtiId>
  <ULearnCourseId>BasicProgramming</ULearnCourseId>
  <Video>video.json</Video>
  <Profiles>
    <Profile name="default">
      <EdxStudioUrl>https://openedu.urfu.ru:8081</EdxStudioUrl>
      <UlearnUrl>https://ulearn.me</UlearnUrl>
    </Profile>
    <Profile name="dev">
      <EdxStudioUrl>http://192.168.33.10:18010</EdxStudioUrl>
      <UlearnUrl>https://localhost:44300</UlearnUrl>
    </Profile>
  </Profiles>
  <IgnoredUlearnSlides>
    <SlideId>1</SlideId>
    <SlideId>2</SlideId>
  </IgnoredUlearnSlides>
  <EmitSequentialsForInstructorNotes>false</EmitSequentialsForInstructorNotes>
</Config>