Код плохо отформатирован. Автоматически отформатировать код можно в Visual Studio с помощью комбинации клавиш Ctrl + K + D
Строка 16, позиция 4: Содержимое парных фигурных скобок (14:18) должно иметь одинаковый отступ.
Строка 26, позиция 4: Содержимое парных фигурных скобок (23:27) должно иметь одинаковый отступ.
Строка 33, позиция 5: Содержимое парных фигурных скобок (30:34) должно иметь одинаковый отступ.
Строка 41, позиция 3: Содержимое парных фигурных скобок (39:42) должно иметь одинаковый отступ.
Строка 48, позиция 4: Содержимое парных фигурных скобок (46:49) должно иметь одинаковый отступ.
Строка 58, позиция 6: Содержимое парных фигурных скобок (56:60) должно иметь одинаковый отступ.
Строка 59, позиция 4: Содержимое парных фигурных скобок (56:60) должно иметь одинаковый отступ.
Строка 67, позиция 2: Содержимое парных фигурных скобок (65:68) должно иметь одинаковый отступ.
Строка 74, позиция 4: Содержимое парных фигурных скобок (72:75) должно иметь одинаковый отступ.