Код плохо отформатирован. Автоматически отформатировать код можно в Visual Studio с помощью комбинации клавиш Ctrl + K + D
Строка 1, позиция 1: Лишний отступ.
Строка 3, позиция 1: Лишний отступ.
Строка 7, позиция 1: Лишний отступ.