Код плохо отформатирован.
Автоматически отформатировать код в Visual Studio можно с помощью комбинации клавиш Ctrl+K+D
Строка 12, позиция 12: Содержимое парных фигурных скобок (строки 6, 69) должно иметь одинаковый отступ.
Строка 19, позиция 12: Содержимое парных фигурных скобок (строки 6, 69) должно иметь одинаковый отступ.
Строка 23, позиция 12: Содержимое парных фигурных скобок (строки 6, 69) должно иметь одинаковый отступ.
Строка 30, позиция 12: Содержимое парных фигурных скобок (строки 6, 69) должно иметь одинаковый отступ.
Строка 34, позиция 12: Содержимое парных фигурных скобок (строки 6, 69) должно иметь одинаковый отступ.
Строка 38, позиция 12: Содержимое парных фигурных скобок (строки 6, 69) должно иметь одинаковый отступ.
Строка 43, позиция 12: Содержимое парных фигурных скобок (строки 6, 69) должно иметь одинаковый отступ.
Строка 48, позиция 12: Содержимое парных фигурных скобок (строки 6, 69) должно иметь одинаковый отступ.
Строка 51, позиция 12: Содержимое парных фигурных скобок (строки 6, 69) должно иметь одинаковый отступ.
Строка 54, позиция 12: Содержимое парных фигурных скобок (строки 6, 69) должно иметь одинаковый отступ.
Строка 57, позиция 12: Содержимое парных фигурных скобок (строки 6, 69) должно иметь одинаковый отступ.
Строка 60, позиция 12: Содержимое парных фигурных скобок (строки 6, 69) должно иметь одинаковый отступ.
Строка 63, позиция 12: Содержимое парных фигурных скобок (строки 6, 69) должно иметь одинаковый отступ.
Строка 67, позиция 12: Содержимое парных фигурных скобок (строки 6, 69) должно иметь одинаковый отступ.
Строка 21, позиция 5: Содержимое парных фигурных скобок (строки 20, 22) должно иметь дополнительный отступ.
Строка 10, позиция 16: выражение не должно иметь лишние переносы строк после родителя (строка 7, позиция 12).
Строка 24, позиция 9: выражение должно иметь отступ больше, чем у родителя (строка 23, позиция 12).
Строка 27, позиция 12: выражение не должно иметь лишние переносы строк после родителя (строка 23, позиция 12).
Строка 31, позиция 7: выражение должно иметь отступ больше, чем у родителя (строка 30, позиция 12).
Строка 35, позиция 12: выражение должно иметь отступ больше, чем у родителя (строка 34, позиция 12).
Строка 36, позиция 10: выражение должно иметь такой же отступ, как у родителя (строка 34, позиция 12).
Строка 39, позиция 8: выражение должно иметь отступ больше, чем у родителя (строка 38, позиция 12).
Строка 41, позиция 4: выражение должно иметь отступ больше, чем у родителя (строка 40, позиция 12).
Строка 44, позиция 13: выражение должно иметь отступ, не меньше 4 пробелов относительно родителя (строка 43, позиция 12).
Строка 45, позиция 9: выражение должно иметь такой же отступ, как у родителя (строка 43, позиция 12).
Строка 46, позиция 11: выражение должно иметь отступ, не меньше 4 пробелов относительно родителя (строка 45, позиция 9).
Строка 49, позиция 6: выражение должно иметь отступ больше, чем у родителя (строка 48, позиция 12).
Строка 55, позиция 13: выражение должно иметь отступ, не меньше 4 пробелов относительно родителя (строка 54, позиция 12).
Строка 61, позиция 8: выражение должно иметь отступ больше, чем у родителя (строка 60, позиция 12).
Строка 65, позиция 8: выражение не должно иметь лишние переносы строк после родителя (строка 63, позиция 12).
Строка 65, позиция 8: выражение должно иметь отступ больше, чем у родителя (строка 63, позиция 12).
Строка 68, позиция 0: выражение должно иметь отступ больше, чем у родителя (строка 67, позиция 12).