Строка 6, позиция 0: На верхнем уровне вложенности все узлы должны иметь одинаковый отступ.