Код плохо отформатирован. Автоматически отформатировать код можно в Visual Studio с помощью комбинации клавиш Ctrl + K + D
Строка 15, позиция 4: Содержимое парных фигурных скобок (13:17) должно иметь одинаковый отступ.
Строка 25, позиция 4: Содержимое парных фигурных скобок (22:26) должно иметь одинаковый отступ.
Строка 32, позиция 5: Содержимое парных фигурных скобок (29:33) должно иметь одинаковый отступ.
Строка 40, позиция 3: Содержимое парных фигурных скобок (38:41) должно иметь одинаковый отступ.
Строка 47, позиция 4: Содержимое парных фигурных скобок (45:48) должно иметь одинаковый отступ.
Строка 57, позиция 6: Содержимое парных фигурных скобок (55:59) должно иметь одинаковый отступ.
Строка 58, позиция 4: Содержимое парных фигурных скобок (55:59) должно иметь одинаковый отступ.
Строка 66, позиция 2: Содержимое парных фигурных скобок (64:67) должно иметь одинаковый отступ.
Строка 73, позиция 4: Содержимое парных фигурных скобок (71:74) должно иметь одинаковый отступ.