Код плохо отформатирован. Автоматически отформатировать код можно в Visual Studio с помощью комбинации клавиш Ctrl + K + D
Строка 8, позиция 2: Парные фигурные скобки (строки 8, 10) должны иметь одинаковый отступ.
Строка 13, позиция 2: Парные фигурные скобки (строки 13, 14) должны иметь одинаковый отступ.
Строка 17, позиция 2: Парные фигурные скобки (строки 17, 18) должны иметь одинаковый отступ.
Строка 21, позиция 2: Парные фигурные скобки (строки 21, 23) должны иметь одинаковый отступ.
Строка 26, позиция 2: Парные фигурные скобки (строки 26, 28) должны иметь одинаковый отступ.
Строка 32, позиция 2: Парные фигурные скобки (строки 32, 34) должны иметь одинаковый отступ.
Строка 37, позиция 2: Парные фигурные скобки (строки 37, 39) должны иметь одинаковый отступ.
Строка 42, позиция 2: Парные фигурные скобки (строки 42, 44) должны иметь одинаковый отступ.
Строка 49, позиция 4: Парные фигурные скобки (строки 49, 51) должны иметь одинаковый отступ.
Строка 54, позиция 3: Парные фигурные скобки (строки 54, 56) должны иметь одинаковый отступ.
Строка 59, позиция 3: Парные фигурные скобки (строки 59, 61) должны иметь одинаковый отступ.
Строка 64, позиция 4: Парные фигурные скобки (строки 64, 73) должны иметь одинаковый отступ.
Строка 66, позиция 5: Парные фигурные скобки (строки 66, 68) должны иметь одинаковый отступ.
Строка 70, позиция 5: Парные фигурные скобки (строки 70, 72) должны иметь одинаковый отступ.