Строка 7, позиция 45: Содержимое парных фигурных скобок (7:9) должно иметь дополнительный отступ.
Строка 12, позиция 7: Содержимое парных фигурных скобок (12:13) должно иметь дополнительный отступ.
Строка 16, позиция 3: Содержимое парных фигурных скобок (16:17) должно иметь дополнительный отступ.
Строка 20, позиция 3: Содержимое парных фигурных скобок (20:23) должно иметь дополнительный отступ.
Строка 27, позиция 5: Содержимое парных фигурных скобок (27:28) должно иметь дополнительный отступ.
Строка 33, позиция 5: Содержимое парных фигурных скобок (33:35) должно иметь дополнительный отступ.