Строка 3, позиция 0: Между объявлением и открывающей скобкой не должно быть лишнего переноса строки
Строка 9, позиция 4: Между объявлением и открывающей скобкой не должно быть лишнего переноса строки
Строка 14, позиция 4: Между объявлением и открывающей скобкой не должно быть лишнего переноса строки
Строка 21, позиция 8: Между объявлением и открывающей скобкой не должно быть лишнего переноса строки
Строка 27, позиция 8: Между объявлением и открывающей скобкой не должно быть лишнего переноса строки
Строка 31, позиция 8: После открывающей скобки не должно быть лишнего переноса строки
Строка 36, позиция 8: Перед закрывающей скобкой не должно быть лишнего переноса строки
Строка 39, позиция 8: После открывающей скобки не должно быть лишнего переноса строки
Строка 41, позиция 12: После открывающей скобки не должно быть лишнего переноса строки
Строка 46, позиция 8: Перед закрывающей скобкой не должно быть лишнего переноса строки
Строка 50, позиция 4: После открывающей скобки не должно быть лишнего переноса строки
Строка 60, позиция 12: Между объявлением и открывающей скобкой не должно быть лишнего переноса строки
Строка 60, позиция 12: После открывающей скобки не должно быть лишнего переноса строки
Строка 64, позиция 12: Перед закрывающей скобкой не должно быть лишнего переноса строки
Строка 66, позиция 8: Перед закрывающей скобкой не должно быть лишнего переноса строки
Строка 70, позиция 8: После закрывающей скобки должен быть дополнительный перенос строки
Строка 73, позиция 8: После закрывающей скобки должен быть дополнительный перенос строки
Строка 78, позиция 4: Перед закрывающей скобкой не должно быть лишнего переноса строки
Строка 82, позиция 4: После закрывающей скобки должен быть дополнительный перенос строки
Строка 89, позиция 4: После закрывающей скобки должен быть дополнительный перенос строки
Строка 96, позиция 4: После закрывающей скобки должен быть дополнительный перенос строки
Строка 99, позиция 4: Между объявлением и открывающей скобкой не должно быть лишнего переноса строки
Строка 104, позиция 4: После закрывающей скобки должен быть дополнительный перенос строки
Строка 107, позиция 4: После закрывающей скобки должен быть дополнительный перенос строки