<?xml version="1.0" encoding="utf-16"?>
<Quiz xmlns:x="http://www.w3.org/2001/XMLSchema-instance" id="Id" maxDropCount="0" tries="3" manualCheck="false" xmlns="https://ulearn.azurewebsites.net/quiz">
  <title>Title</title>
  <p>This is quiz!</p>
  <isTrue id="1" maxScore="1" answer="false">
    <text>Это утверждение ложно</text>
  </isTrue>
  <choice maxScore="1" multiple="false" shuffle="false">
    <text>What is the 
best color?</text>
    <item id="1" isCorrect="true">black</item>
    <item id="2" isCorrect="false">green</item>
    <item id="3" isCorrect="false">red</item>
    <allowedMistakes checkedUnnecessary="0" notCheckedNecessary="0" />
  </choice>
  <choice maxScore="1" multiple="true" shuffle="false">
    <text>What does the fox say?</text>
    <item isCorrect="true">Apapapapa</item>
    <item isCorrect="true">Ding ding ding</item>
    <item isCorrect="false">Mew</item>
    <allowedMistakes checkedUnnecessary="0" notCheckedNecessary="0" />
  </choice>
  <fillIn maxScore="1" multiline="false">
    <text>What does the fox say?</text>
    <sample>Apapap</sample>
    <regex ignoreCase="false">([Dd]ing )+</regex>
    <regex ignoreCase="false">Ap(ap)+</regex>
  </fillIn>
</Quiz>