Разрешено передавать через ref только примитивные типы
Строка 5, позиция 2: Ошибка в аргументе: foo
Строка 10, позиция 2: Ошибка в аргументе: foo
Строка 10, позиция 2: Ошибка в аргументе: foo2
Строка 15, позиция 2: Ошибка в аргументе: foo
Строка 19, позиция 2: Ошибка в аргументе: foo2